// Jest Snapshot v1, https://goo.gl/fbAQLP

exports[`pagination Component should mount the pagination wrapper 1`] = `
<Pagination>
  <div
    className="pagination"
  >
    <Button
      button="button"
      disabled={true}
      name="❮"
    >
      <input
        className="button"
        disabled={true}
        type="button"
        value="❮"
      />
    </Button>
    <Button
      button="button"
      disabled={true}
      name="❯"
    >
      <input
        className="button"
        disabled={true}
        type="button"
        value="❯"
      />
    </Button>
  </div>
</Pagination>
`;
