// Jest Snapshot v1, https://goo.gl/fbAQLP

exports[`pagination Component should mount the pagination wrapper 1`] = `
<Pagination
  next={[Function]}
  nextPage=""
  previous={[Function]}
  previousPage=""
>
  <div
    className="pagination"
  >
    <Button
      button="button"
      disabled={true}
      handleClick={[Function]}
      name="❮"
    >
      <input
        className="button"
        disabled={true}
        onClick={[Function]}
        type="button"
        value="❮"
      />
    </Button>
    <Button
      button="button"
      disabled={true}
      handleClick={[Function]}
      name="❯"
    >
      <input
        className="button"
        disabled={true}
        onClick={[Function]}
        type="button"
        value="❯"
      />
    </Button>
  </div>
</Pagination>
`;
